******************************************************************************
                  TI ARM Linker PC v18.12.2                    
******************************************************************************
>> Linked Tue Jul 23 12:26:09 2019

OUTPUT FILE NAME:   <uartecho_CC3220SF_LAUNCHXL_tirtos_ccs.out>
ENTRY POINT SYMBOL: "_c_int00"  address: 010049dd


MEMORY CONFIGURATION

         name            origin    length      used     unused   attr    fill
----------------------  --------  ---------  --------  --------  ----  --------
  FLASH_HDR             01000000   000007ff  00000000  000007ff  R  X
  FLASH                 01000800   000ff800  000062c8  000f9538  R  X
  SRAM                  20000000   00040000  000095d4  00036a2c  RW X


SEGMENT ALLOCATION MAP

run origin  load origin   length   init length attrs members
----------  ----------- ---------- ----------- ----- -------
01000800    01000800    000062d0   000062d0    r-x
  01000800    01000800    0000003c   0000003c    r-- .resetVecs
  01000840    01000840    0000581a   0000581a    r-x .text
  0100605c    0100605c    000007f2   000007f2    r-- .const
  01006850    01006850    00000280   00000280    r-- .cinit
20000310    20000310    00008000   00000000    r--
  20000310    20000310    00008000   00000000    r-- .priheap
20008310    20008310    00000ec8   00000000    rw-
  20008310    20008310    000007c0   00000000    rw- .bss
  20008ad0    20008ad0    00000708   00000000    rw- .data
2003fc00    2003fc00    00000400   00000000    rw-
  2003fc00    2003fc00    00000400   00000000    rw- .stack


SECTION ALLOCATION MAP

 output                                  attributes/
section   page    origin      length       input sections
--------  ----  ----------  ----------   ----------------
.text      0    01000840    0000581a     
                  01000840    0000042c     driverlib.a : prcm.obj (.text:PRCMCC3200MCUInit)
                  01000c6c    00000278     drivers_cc32xx.aem4 : UARTCC32XX.oem4 (.text:UARTCC32XX_open)
                  01000ee4    000001f4     uartecho.obj (.text:mainThread)
                  010010d8    000001d8     drivers_cc32xx.aem4 : GPIOCC32XX.oem4 (.text:GPIO_setConfig)
                  010012b0    0000014c     dpl_cc32xx.aem4 : PowerCC32XX_tirtos.oem4 (.text:PowerCC32XX_sleepPolicy)
                  010013fc    00000148     drivers_cc32xx.aem4 : PowerCC32XX.oem4 (.text:parkPins)
                  01001544    00000004     dpl_cc32xx.aem4 : ClockP_tirtos.oem4 (.text:ClockP_getCpuFreq)
                  01001548    00000130     sysbios.aem4 : BIOS.obj (.text:ti_sysbios_knl_Semaphore_pend__E)
                  01001678    00000126     knx.obj (.text:KNXFormatStdFrameTX)
                  0100179e    00000002     drivers_cc32xx.aem4 : UARTCC32XX.oem4 (.text:UARTCC32XX_init)
                  010017a0    00000120                         : UARTCC32XX.oem4 (.text:UARTCC32XX_close)
                  010018c0    0000011c                         : PowerCC32XX.oem4 (.text:Power_sleep)
                  010019dc    00000004     dpl_cc32xx.aem4 : ClockP_tirtos.oem4 (.text:ClockP_setTimeout)
                  010019e0    0000011c     sysbios.aem4 : BIOS.obj (.text:xdc_runtime_Startup_startMods__I)
                  01001afc    00000004     dpl_cc32xx.aem4 : ClockP_tirtos.oem4 (.text:ClockP_start)
                  01001b00    00000110     sysbios.aem4 : BIOS.obj (.text:ti_sysbios_knl_Task_postInit__I)
                  01001c10    00000104                  : BIOS.obj (.text:ti_sysbios_knl_Task_Instance_finalize__E)
                  01001d14    00000004     dpl_cc32xx.aem4 : ClockP_tirtos.oem4 (.text:ClockP_stop)
                  01001d18    000000fc     sysbios.aem4 : BIOS.obj (.text:ti_sysbios_knl_Task_Instance_init__E)
                  01001e14    000000f2     drivers_cc32xx.aem4 : UARTCC32XX.oem4 (.text:UARTCC32XX_control)
                  01001f06    00000002     rtsv7M4_T_le_eabi.lib : _lock.c.obj (.text:_nop)
                  01001f08    000000f0     sysbios.aem4 : BIOS.obj (.text:pthread_create)
                  01001ff8    000000d0                  : m3_Hwi_asm.obj (.text:ti_sysbios_family_arm_m3_Hwi_dispatch__I)
                  010020c8    000000d0                  : BIOS.obj (.text:ti_sysbios_heaps_HeapMem_alloc__E)
                  01002198    000000ca     drivers_cc32xx.aem4 : UARTCC32XX.oem4 (.text:UARTCC32XX_write)
                  01002262    00000002     rtsv7M4_T_le_eabi.lib : div0.asm.obj (.text)
                  01002264    000000c4     drivers_cc32xx.aem4 : GPIOCC32XX.oem4 (.text:GPIO_init)
                  01002328    000000c0                         : PowerCC32XX.oem4 (.text:restoreParkedPins)
                  010023e8    000000bc     sysbios.aem4 : BIOS.obj (.text:xdc_runtime_Core_createObject__I)
                  010024a4    000000ba     drivers_cc32xx.aem4 : UARTCC32XX.oem4 (.text:UARTCC32XX_readPolling)
                  0100255e    00000002     release_pem4.oem4 (.text:ti_sysbios_BIOS_nullFunc__I)
                  01002560    000000b8     drivers_cc32xx.aem4 : UARTCC32XX.oem4 (.text:initHw)
                  01002618    000000b6                         : UARTCC32XX.oem4 (.text:readTaskCallback)
                  010026ce    000000ae                         : UARTCC32XX.oem4 (.text:readIsrTextBlocking)
                  0100277c    000000a8                         : PowerCC32XX.oem4 (.text:PowerCC32XX_configureWakeup)
                  01002824    000000a8                         : UARTCC32XX.oem4 (.text:readTaskBlocking)
                  010028cc    00000004     dpl_cc32xx.aem4 : HwiP_tirtos.oem4 (.text:HwiP_disable)
                  010028d0    000000a4     sysbios.aem4 : BIOS.obj (.text:ti_sysbios_knl_Task_setPri__E)
                  01002974    000000a2     drivers_cc32xx.aem4 : UARTCC32XX.oem4 (.text:readIsrTextCallback)
                  01002a16    000000a2                         : UARTCC32XX.oem4 (.text:writeData)
                  01002ab8    000000a0     auto_init.aem4 : auto_init.oem4 (.text)
                  01002b58    0000009c     sysbios.aem4 : BIOS.obj (.text:_pthread_removeThreadKeys)
                  01002bf4    0000009c     rtsv7M4_T_le_eabi.lib : memcpy_t2.asm.obj (.text)
                  01002c90    00000098     drivers_cc32xx.aem4 : GPIOCC32XX.oem4 (.text:powerNotifyFxn)
                  01002d28    00000098     sysbios.aem4 : BIOS.obj (.text:ti_sysbios_family_arm_m3_Hwi_Instance_init__E)
                  01002dc0    00000096     rtsv7M4_T_le_eabi.lib : ull_div_t2.asm.obj (.text)
                  01002e56    00000002     release_pem4.oem4 (.text:xdc_runtime_Startup_reset__I)
                  01002e58    00000094     sysbios.aem4 : BIOS.obj (.text:ti_sysbios_knl_Task_exit__E)
                  01002eec    00000090     drivers_cc32xx.aem4 : PowerCC32XX.oem4 (.text:restoreNVICRegs)
                  01002f7c    00000004     dpl_cc32xx.aem4 : SemaphoreP_tirtos.oem4 (.text:SemaphoreP_post)
                  01002f80    00000090     sysbios.aem4 : BIOS.obj (.text:ti_sysbios_knl_Task_Module_startup__E)
                  01003010    0000008e     helpers.obj (.text:translateBin2Text)
                  0100309e    00000002     --HOLE-- [fill = 0]
                  010030a0    0000008c     sysbios.aem4 : BIOS.obj (.text:xdc_runtime_Memory_alloc__E)
                  0100312c    00000088     driverlib.a : pin.obj (.text:PinConfigSet)
                  010031b4    00000004     release_pem4.oem4 (.text:ti_sysbios_BIOS_RtsGateProxy_enter__E)
                  010031b8    00000088     sysbios.aem4 : BIOS.obj (.text:ti_sysbios_family_arm_m3_Hwi_initNVIC__E)
                  01003240    00000088                  : BIOS.obj (.text:ti_sysbios_family_arm_m3_TaskSupport_start__E)
                  010032c8    00000086                  : BIOS.obj (.text:xdc_runtime_Core_constructObject__I)
                  0100334e    00000002     --HOLE-- [fill = 0]
                  01003350    00000084     drivers_cc32xx.aem4 : PowerCC32XX.oem4 (.text:Power_init)
                  010033d4    00000084                         : PowerCC32XX.oem4 (.text:saveNVICRegs)
                  01003458    00000084     sysbios.aem4 : BIOS.obj (.text:ti_sysbios_family_arm_m3_Hwi_postInit__I)
                  010034dc    00000004     release_pem4.oem4 (.text:ti_sysbios_BIOS_RtsGateProxy_leave__E)
                  010034e0    00000084     sysbios.aem4 : BIOS.obj (.text:ti_sysbios_heaps_HeapMem_free__E)
                  01003564    00000080     drivers_cc32xx.aem4 : PowerCC32XX.oem4 (.text:Power_setDependency)
                  010035e4    00000004     release_pem4.oem4 (.text:ti_sysbios_family_arm_m3_Hwi_delete)
                  010035e8    00000080     sysbios.aem4 : BIOS.obj (.text:ti_sysbios_knl_Clock_workFunc__E)
                  01003668    0000007c     drivers_cc32xx.aem4 : UARTCC32XX.oem4 (.text:readIsrBinaryBlocking)
                  010036e4    0000007a     rtsv7M4_T_le_eabi.lib : memset_t2.asm.obj (.text)
                  0100375e    00000002     --HOLE-- [fill = 0]
                  01003760    00000078     drivers_cc32xx.aem4 : GPIOCC32XX.oem4 (.text:GPIO_hwiIntFxn)
                  010037d8    00000078                         : UARTCC32XX.oem4 (.text:readIsrBinaryCallback)
                  01003850    00000074                         : UARTCC32XX.oem4 (.text:UARTCC32XX_hwiIntFxn)
                  010038c4    00000004     release_pem4.oem4 (.text:ti_sysbios_family_arm_m3_TaskSupport_Module__startupDone__S)
                  010038c8    00000074     sysbios.aem4 : BIOS.obj (.text:xdc_runtime_Core_deleteObject__I)
                  0100393c    00000004     release_pem4.oem4 (.text:ti_sysbios_heaps_HeapMem_Module_GateProxy_enter__E)
                  01003940    00000070     sysbios.aem4 : BIOS.obj (.text:ti_sysbios_heaps_HeapMem_initPrimary__I)
                  010039b0    0000006c                  : BIOS.obj (.text:ti_sysbios_knl_Swi_restoreHwi__E)
                  01003a1c    00000068     rtsv7M4_T_le_eabi.lib : copy_decompress_lzss.c.obj (.text:decompress:lzss:__TI_decompress_lzss)
                  01003a84    00000004     release_pem4.oem4 (.text:ti_sysbios_heaps_HeapMem_Module_GateProxy_leave__E)
                  01003a88    00000068     sysbios.aem4 : BIOS.obj (.text:pthread_exit)
                  01003af0    00000066     drivers_cc32xx.aem4 : UARTCC32XX.oem4 (.text:UARTCC32XX_writeCancel)
                  01003b56    00000002     --HOLE-- [fill = 0]
                  01003b58    00000064                         : PowerCC32XX.oem4 (.text:PowerCC32XX_setParkState)
                  01003bbc    00000064     main_tirtos.obj (.text:main)
                  01003c20    00000064     sysbios.aem4 : BIOS.obj (.text:ti_sysbios_family_arm_m3_Hwi_dispatchC__I)
                  01003c84    00000062     drivers_cc32xx.aem4 : UARTCC32XX.oem4 (.text:UARTCC32XX_writePolling)
                  01003ce6    00000002     --HOLE-- [fill = 0]
                  01003ce8    00000060     driverlib.a : prcm.obj (.text:PRCMSysResetCauseGet)
                  01003d48    00000060     sysbios.aem4 : BIOS.obj (.text:ti_sysbios_knl_Semaphore_post__E)
                  01003da8    00000060                  : BIOS.obj (.text:ti_sysbios_knl_Swi_run__I)
                  01003e08    0000005c     drivers_cc32xx.aem4 : GPIOCC32XX.oem4 (.text:GPIO_setCallback)
                  01003e64    00000004     release_pem4.oem4 (.text:ti_sysbios_knl_Clock_TimerProxy_getMaxTicks__E)
                  01003e68    0000005c     sysbios.aem4 : BIOS.obj (.text:ti_sysbios_family_arm_m3_Timer_start__E)
                  01003ec4    00000004     release_pem4.oem4 (.text:ti_sysbios_knl_Clock_TimerProxy_setPeriodMicroSecs__E)
                  01003ec8    0000005c     sysbios.aem4 : BIOS.obj (.text:ti_sysbios_knl_Swi_schedule__I)
                  01003f24    00000004     release_pem4.oem4 (.text:ti_sysbios_knl_Clock_TimerProxy_start__E)
                  01003f28    0000005c     sysbios.aem4 : BIOS.obj (.text:ti_sysbios_knl_Task_startCore__E)
                  01003f84    00000004     release_pem4.oem4 (.text:ti_sysbios_knl_Clock_TimerProxy_stop__E)
                  01003f88    0000005c     sysbios.aem4 : BIOS.obj (.text:xdc_runtime_Startup_exec__E)
                  01003fe4    00000058     drivers_cc32xx.aem4 : GPIOCC32XX.oem4 (.text:GPIO_write)
                  0100403c    00000058     driverlib.a : prcm.obj (.text:PRCMPeripheralReset)
                  01004094    00000058     drivers_cc32xx.aem4 : PowerCC32XX.oem4 (.text:Power_releaseDependency)
                  010040ec    00000054                         : UARTCC32XX.oem4 (.text:ringBufGet)
                  01004140    00000054     release_pem4.oem4 (.text:ti_sysbios_family_arm_m3_Hwi_create)
                  01004194    00000004     release_pem4.oem4 (.text:ti_sysbios_knl_Clock_delete)
                  01004198    00000054     sysbios.aem4 : BIOS.obj (.text:ti_sysbios_family_arm_m3_Timer_setPeriod__E)
                  010041ec    00000004     release_pem4.oem4 (.text:ti_sysbios_knl_Semaphore_delete)
                  010041f0    00000054     sysbios.aem4 : BIOS.obj (.text:xdc_runtime_Core_assignLabel__I)
                  01004244    00000052     drivers_cc32xx.aem4 : PowerCC32XX_asm.oem4 (.text:PowerCC32XX_resumeLPDS)
                  01004296    00000002     --HOLE-- [fill = 0]
                  01004298    00000050     dpl_cc32xx.aem4 : ClockP_tirtos.oem4 (.text:ClockP_create)
                  010042e8    00000050     sysbios.aem4 : BIOS.obj (.text:ti_sysbios_family_arm_m3_Hwi_Module_startup__E)
                  01004338    00000050     release_pem4.oem4 (.text:ti_sysbios_knl_Task_create)
                  01004388    0000004c     drivers_cc32xx.aem4 : GPIOCC32XX.oem4 (.text:GPIO_enableInt)
                  010043d4    0000004c                         : PowerCC32XX.oem4 (.text:PowerCC32XX_parkPin)
                  01004420    0000004c     rtsv7M4_T_le_eabi.lib : cpy_tbl.c.obj (.text:copy_in)
                  0100446c    0000004c     drivers_cc32xx.aem4 : PowerCC32XX.oem4 (.text:restorePeriphClocks)
                  010044b8    0000004c     sysbios.aem4 : BIOS.obj (.text:ti_sysbios_heaps_HeapMem_getStats__E)
                  01004504    00000004     release_pem4.oem4 (.text:ti_sysbios_knl_Task_delete)
                  01004508    0000004c     sysbios.aem4 : BIOS.obj (.text:ti_sysbios_knl_Swi_runLoop__I)
                  01004554    00000004     release_pem4.oem4 (.text:xdc_runtime_System_Module_GateProxy_enter__E)
                  01004558    0000004c     sysbios.aem4 : BIOS.obj (.text:ti_sysbios_knl_Task_allBlockedFunction__I)
                  010045a4    00000004     release_pem4.oem4 (.text:xdc_runtime_System_Module_GateProxy_leave__E)
                  010045a8    0000004c     sysbios.aem4 : BIOS.obj (.text:ti_sysbios_knl_Task_schedule__I)
                  010045f4    00000048     driverlib.a : flash.obj (.text:FlashDisable)
                  0100463c    00000048                 : prcm.obj (.text:PRCMLPDSEnter)
                  01004684    00000048                 : prcm.obj (.text:PRCMPeripheralClkEnable)
                  010046cc    00000048     drivers_cc32xx.aem4 : PowerCC32XX.oem4 (.text:Power_releaseConstraint)
                  01004714    00000004     --HOLE-- [fill = 0]
                  01004718    00000048     sysbios.aem4 : BIOS.obj (.text:ti_sysbios_family_arm_m3_Hwi_disableInterrupt__E)
                  01004760    00000048                  : BIOS.obj (.text:ti_sysbios_family_arm_m3_Hwi_enableInterrupt__E)
                  010047a8    00000048                  : m3_Hwi_asm_switch.obj (.text:ti_sysbios_family_arm_m3_Hwi_initStacks__E)
                  010047f0    00000048                  : BIOS.obj (.text:ti_sysbios_family_arm_m3_Timer_initDevice__I)
                  01004838    00000048                  : BIOS.obj (.text:ti_sysbios_knl_Mailbox_Module_startup__E)
                  01004880    00000048                  : BIOS.obj (.text:xdc_runtime_Core_assignParams__I)
                  010048c8    00000046     drivers_cc32xx.aem4 : RingBuf.oem4 (.text:RingBuf_put)
                  0100490e    00000002     --HOLE-- [fill = 0]
                  01004910    00000044     driverlib.a : prcm.obj (.text:PRCMLPDSRestoreInfoSet)
                  01004954    00000044     drivers_cc32xx.aem4 : PowerCC32XX_asm.oem4 (.text:PowerCC32XX_enterLPDS)
                  01004998    00000044                         : UART.oem4 (.text:UART_init)
                  010049dc    00000044     boot.aem4 : boot.oem4 (.text)
                  01004a20    00000044     sysbios.aem4 : BIOS.obj (.text:ti_sysbios_family_arm_m3_Hwi_getStackInfo__E)
                  01004a64    00000004     --HOLE-- [fill = 0]
                  01004a68    00000044                  : BIOS.obj (.text:ti_sysbios_knl_Mailbox_postInit__I)
                  01004aac    00000004     --HOLE-- [fill = 0]
                  01004ab0    00000044                  : BIOS.obj (.text:ti_sysbios_knl_Swi_post__E)
                  01004af4    00000004     --HOLE-- [fill = 0]
                  01004af8    00000044                  : BIOS.obj (.text:xdc_runtime_System_atexit__E)
                  01004b3c    00000040     dpl_cc32xx.aem4 : HwiP_tirtos.oem4 (.text:HwiP_create)
                  01004b7c    00000040     driverlib.a : pin.obj (.text:PinModeSet)
                  01004bbc    00000040     drivers_cc32xx.aem4 : RingBuf.oem4 (.text:RingBuf_get)
                  01004bfc    00000040                         : UARTCC32XX.oem4 (.text:UARTCC32XX_read)
                  01004c3c    00000040                         : UART.oem4 (.text:UART_open)
                  01004c7c    00000004     --HOLE-- [fill = 0]
                  01004c80    00000040     sysbios.aem4 : BIOS.obj (.text:ti_sysbios_heaps_HeapMem_Instance_init__E)
                  01004cc0    00000040                  : BIOS.obj (.text:ti_sysbios_knl_Clock_Instance_init__E)
                  01004d00    0000003c     drivers_cc32xx.aem4 : PowerCC32XX.oem4 (.text:Power_setConstraint)
                  01004d3c    0000003c     dpl_cc32xx.aem4 : SemaphoreP_tirtos.oem4 (.text:SemaphoreP_create)
                  01004d78    0000003c     sysbios.aem4 : BIOS.obj (.text:ti_sysbios_family_arm_m3_Hwi_Instance_finalize__E)
                  01004db4    00000004     --HOLE-- [fill = 0]
                  01004db8    0000003c                  : BIOS.obj (.text:ti_sysbios_family_arm_m3_Timer_setPeriodMicroSecs__E)
                  01004df4    0000003c     release_pem4.oem4 (.text:ti_sysbios_knl_Clock_create)
                  01004e30    0000003c     sysbios.aem4 : BIOS.obj (.text:ti_sysbios_knl_Clock_walkQueuePeriodic__E)
                  01004e6c    00000004     --HOLE-- [fill = 0]
                  01004e70    0000003c                  : BIOS.obj (.text:ti_sysbios_knl_Swi_restore__E)
                  01004eac    00000004     --HOLE-- [fill = 0]
                  01004eb0    0000003c                  : BIOS.obj (.text:xdc_runtime_System_processAtExit__E)
                  01004eec    0000003a     dpl_cc32xx.aem4 : PowerCC32XX_tirtos.oem4 (.text:getCountsRTC)
                  01004f26    0000003a     helpers.obj (.text:translateHex2Text)
                  01004f60    00000038     driverlib.a : prcm.obj (.text:PRCMLPDSEnterKeepDebugIf)
                  01004f98    00000038     drivers_cc32xx.aem4 : PowerCC32XX.oem4 (.text:notify)
                  01004fd0    00000038     sysbios.aem4 : BIOS.obj (.text:ti_sysbios_knl_Task_processVitalTaskFlag__I)
                  01005008    00000036     drivers_cc32xx.aem4 : UARTCC32XX.oem4 (.text:UARTCC32XX_readCancel)
                  0100503e    00000002     --HOLE-- [fill = 0]
                  01005040    00000034     driverlib.a : pin.obj (.text:PinModeGet)
                  01005074    00000034     drivers_cc32xx.aem4 : PowerCC32XX.oem4 (.text:PowerCC32XX_restoreParkState)
                  010050a8    00000034     sysbios.aem4 : BIOS.obj (.text:ti_sysbios_family_arm_m3_Timer_periodicStub__I)
                  010050dc    00000034     release_pem4.oem4 (.text:ti_sysbios_knl_Semaphore_create)
                  01005110    00000032     sysbios.aem4 : BIOS.obj (.text:ti_sysbios_hal_Hwi_initStack)
                  01005142    00000030     drivers_cc32xx.aem4 : PowerCC32XX.oem4 (.text:PowerCC32XX_restoreParkedPin)
                  01005172    00000002     --HOLE-- [fill = 0]
                  01005174    00000030     release_pem4.oem4 (.text:ti_sysbios_BIOS_atExitFunc__I)
                  010051a4    00000030     release_pem4.oem4 (.text:ti_sysbios_BIOS_startFunc__I)
                  010051d4    00000030     release_pem4.oem4 (.text:ti_sysbios_gates_GateHwi_Object__create__S)
                  01005204    00000030     release_pem4.oem4 (.text:ti_sysbios_gates_GateMutex_Object__create__S)
                  01005234    00000004     --HOLE-- [fill = 0]
                  01005238    00000030     sysbios.aem4 : BIOS.obj (.text:ti_sysbios_gates_GateMutex_enter__E)
                  01005268    00000030     release_pem4.oem4 (.text:ti_sysbios_heaps_HeapMem_Object__create__S)
                  01005298    00000030     release_pem4.oem4 (.text:ti_sysbios_knl_Semaphore_construct)
                  010052c8    00000030     sysbios.aem4 : BIOS.obj (.text:ti_sysbios_knl_Semaphore_pendTimeout__I)
                  010052f8    00000030                  : BIOS.obj (.text:ti_sysbios_knl_Task_restore__E)
                  01005328    00000030                  : BIOS.obj (.text:ti_sysbios_knl_Task_unblockI__E)
                  01005358    0000002c     drivers_cc32xx.aem4 : PowerCC32XX.oem4 (.text:PowerCC32XX_getParkState)
                  01005384    0000002c     dpl_cc32xx.aem4 : SemaphoreP_tirtos.oem4 (.text:SemaphoreP_createBinary)
                  010053b0    0000002c     sysbios.aem4 : BIOS.obj (.text:_pthread_cleanupFxn)
                  010053dc    00000004     --HOLE-- [fill = 0]
                  010053e0    0000002c                  : BIOS.obj (.text:_pthread_delete$41)
                  0100540c    0000002c     release_pem4.oem4 (.text:ti_sysbios_knl_Clock_doTick__I)
                  01005438    0000002c     release_pem4.oem4 (.text:ti_sysbios_knl_Queue_construct)
                  01005464    00000028     driverlib.a : prcm.obj (.text:PRCMPeripheralClkDisable)
                  0100548c    00000028     dpl_cc32xx.aem4 : PowerCC32XX_tirtos.oem4 (.text:PowerCC32XX_initPolicy)
                  010054b4    00000028     drivers_cc32xx.aem4 : PowerCC32XX.oem4 (.text:Power_registerNotify)
                  010054dc    00000028     sysbios.aem4 : m3_Hwi_asm.obj (.text:ti_sysbios_family_arm_m3_Hwi_excHandlerAsm__I)
                  01005504    00000004     --HOLE-- [fill = 0]
                  01005508    00000028                  : BIOS.obj (.text:ti_sysbios_knl_Clock_addI__E)
                  01005530    00000028                  : BIOS.obj (.text:ti_sysbios_knl_Swi_Module_startup__E)
                  01005558    00000026     drivers_cc32xx.aem4 : List.oem4 (.text:List_put)
                  0100557e    00000026                         : List.oem4 (.text:List_remove)
                  010055a4    00000004     --HOLE-- [fill = 0]
                  010055a8    00000024     sysbios.aem4 : BIOS.obj (.text:pthread_attr_init)
                  010055cc    00000024     release_pem4.oem4 (.text:ti_sysbios_BIOS_registerRTSLock__I)
                  010055f0    00000024     release_pem4.oem4 (.text:ti_sysbios_BIOS_removeRTSLock__I)
                  01005614    00000004     --HOLE-- [fill = 0]
                  01005618    00000024     sysbios.aem4 : BIOS.obj (.text:ti_sysbios_family_arm_m3_Timer_postInit__I)
                  0100563c    00000004     --HOLE-- [fill = 0]
                  01005640    00000024                  : BIOS.obj (.text:ti_sysbios_family_arm_m3_Timer_startup__E)
                  01005664    00000024     release_pem4.oem4 (.text:ti_sysbios_gates_GateMutex_Object__delete__S)
                  01005688    00000024     sysbios.aem4 : BIOS.obj (.text:ti_sysbios_knl_Clock_Module_startup__E)
                  010056ac    00000024     release_pem4.oem4 (.text:ti_sysbios_knl_Clock_Object__delete__S)
                  010056d0    00000024     sysbios.aem4 : BIOS.obj (.text:ti_sysbios_knl_Clock_start__E)
                  010056f4    00000004     --HOLE-- [fill = 0]
                  010056f8    00000024                  : BIOS.obj (.text:ti_sysbios_knl_Semaphore_Instance_init__E)
                  0100571c    00000024     release_pem4.oem4 (.text:ti_sysbios_knl_Semaphore_Object__delete__S)
                  01005740    00000024     sysbios.aem4 : BIOS.obj (.text:ti_sysbios_knl_Task_restoreHwi__E)
                  01005764    00000004     --HOLE-- [fill = 0]
                  01005768    00000024                  : BIOS.obj (.text:xdc_runtime_Error_policyMin__E)
                  0100578c    00000020     drivers_cc32xx.aem4 : PowerCC32XX.oem4 (.text:Power_unregisterNotify)
                  010057ac    00000020                         : RingBuf.oem4 (.text:RingBuf_peek)
                  010057cc    00000020                         : UARTCC32XX.oem4 (.text:getPowerMgrId)
                  010057ec    00000020     release_pem4.oem4 (.text:ti_sysbios_BIOS_rtsLock__I)
                  0100580c    00000020     release_pem4.oem4 (.text:ti_sysbios_family_arm_m3_Hwi_Object__delete__S)
                  0100582c    00000020     release_pem4.oem4 (.text:ti_sysbios_gates_GateHwi_Object__delete__S)
                  0100584c    00000020     release_pem4.oem4 (.text:ti_sysbios_heaps_HeapMem_Object__delete__S)
                  0100586c    00000004     --HOLE-- [fill = 0]
                  01005870    00000020     sysbios.aem4 : BIOS.obj (.text:ti_sysbios_knl_Idle_run__E)
                  01005890    00000020     release_pem4.oem4 (.text:ti_sysbios_knl_Semaphore_destruct)
                  010058b0    00000020     release_pem4.oem4 (.text:ti_sysbios_knl_Task_Object__delete__S)
                  010058d0    0000001e     sysbios.aem4 : m3_Hwi_asm_switch.obj (.text:ti_sysbios_family_xxx_Hwi_switchAndRunFunc)
                  010058ee    00000002     --HOLE-- [fill = 0]
                  010058f0    0000001c     driverlib.a : pin.obj (.text:PinToPadGet)
                  0100590c    00000004     --HOLE-- [fill = 0]
                  01005910    0000001c     sysbios.aem4 : BIOS.obj (.text:ti_sysbios_family_arm_m3_Hwi_excHandler__I)
                  0100592c    00000004     --HOLE-- [fill = 0]
                  01005930    0000001c                  : BIOS.obj (.text:ti_sysbios_family_arm_m3_Timer_Module_startup__E)
                  0100594c    00000004     --HOLE-- [fill = 0]
                  01005950    0000001c                  : BIOS.obj (.text:ti_sysbios_family_arm_m3_Timer_stop__E)
                  0100596c    00000004     --HOLE-- [fill = 0]
                  01005970    0000001c                  : BIOS.obj (.text:ti_sysbios_gates_GateMutex_Instance_init__E)
                  0100598c    00000004     --HOLE-- [fill = 0]
                  01005990    0000001c                  : BIOS.obj (.text:ti_sysbios_knl_Clock_Instance_finalize__E)
                  010059ac    0000001c     release_pem4.oem4 (.text:ti_sysbios_knl_Queue_destruct)
                  010059c8    0000001c     sysbios.aem4 : BIOS.obj (.text:ti_sysbios_knl_Queue_put__E)
                  010059e4    00000004     --HOLE-- [fill = 0]
                  010059e8    0000001c                  : BIOS.obj (.text:ti_sysbios_knl_Task_enter__I)
                  01005a04    0000001a                  : m3_Hwi_asm.obj (.text:ti_sysbios_family_arm_m3_Hwi_pendSV__I)
                  01005a1e    00000002     --HOLE-- [fill = 0]
                  01005a20    00000018     drivers_cc32xx.aem4 : PowerCC32XX.oem4 (.text:Power_idleFunc)
                  01005a38    00000018     driverlib.a : uart.obj (.text:UARTBusy)
                  01005a50    00000018                 : uart.obj (.text:UARTIntEnable)
                  01005a68    00000018     drivers_cc32xx.aem4 : UART.oem4 (.text:UART_Params_init)
                  01005a80    00000018     rtsv7M4_T_le_eabi.lib : args_main.c.obj (.text:_args_main)
                  01005a98    00000018                           : ll_mul_t2.asm.obj (.text)
                  01005ab0    00000018     release_pem4.oem4 (.text:ti_sysbios_BIOS_rtsUnlock__I)
                  01005ac8    00000018     release_pem4.oem4 (.text:ti_sysbios_family_arm_m3_Hwi_Module__startupDone__F)
                  01005ae0    00000018     release_pem4.oem4 (.text:ti_sysbios_family_arm_m3_Timer_Module__startupDone__F)
                  01005af8    00000018     release_pem4.oem4 (.text:ti_sysbios_gates_GateHwi_Handle__label__S)
                  01005b10    00000018     release_pem4.oem4 (.text:ti_sysbios_gates_GateMutex_Handle__label__S)
                  01005b28    00000018     sysbios.aem4 : BIOS.obj (.text:ti_sysbios_gates_GateMutex_leave__E)
                  01005b40    00000018     release_pem4.oem4 (.text:ti_sysbios_heaps_HeapMem_Handle__label__S)
                  01005b58    00000018     sysbios.aem4 : BIOS.obj (.text:xdc_runtime_Error_init__E)
                  01005b70    00000018                  : BIOS.obj (.text:xdc_runtime_System_exit__E)
                  01005b88    00000016     driverlib.a : prcm.obj (.text:PRCMHIBRegRead)
                  01005b9e    00000016                 : prcm.obj (.text:PRCMHIBRegWrite)
                  01005bb4    00000016     release_pem4.oem4 (.text:ti_sysbios_BIOS_exitFunc__I)
                  01005bca    00000002     --HOLE-- [fill = 0]
                  01005bcc    00000014     drivers_cc32xx.aem4 : PowerCC32XX.oem4 (.text:Power_getDependencyCount)
                  01005be0    00000014     sysbios.aem4 : BIOS.obj (.text:pthread_attr_setschedparam)
                  01005bf4    00000014     drivers_cc32xx.aem4 : UARTCC32XX.oem4 (.text:releasePowerConstraint)
                  01005c08    00000014     release_pem4.oem4 (.text:ti_sysbios_family_arm_m3_Hwi_Object__get__S)
                  01005c1c    00000004     --HOLE-- [fill = 0]
                  01005c20    00000014     sysbios.aem4 : BIOS.obj (.text:ti_sysbios_family_arm_m3_Hwi_switchFromBootStack__E)
                  01005c34    00000014                  : m3_TaskSupport_asm.obj (.text:ti_sysbios_family_arm_m3_TaskSupport_swap__E)
                  01005c48    00000014     release_pem4.oem4 (.text:ti_sysbios_heaps_HeapMem_Object__get__S)
                  01005c5c    00000004     --HOLE-- [fill = 0]
                  01005c60    00000014     sysbios.aem4 : BIOS.obj (.text:ti_sysbios_knl_Clock_tickReconfig__E)
                  01005c74    00000014     release_pem4.oem4 (.text:ti_sysbios_knl_Swi_Object__get__S)
                  01005c88    00000012     drivers_cc32xx.aem4 : RingBuf.oem4 (.text:RingBuf_construct)
                  01005c9a    00000012     dpl_cc32xx.aem4 : SemaphoreP_tirtos.oem4 (.text:SemaphoreP_pend)
                  01005cac    00000004     --HOLE-- [fill = 0]
                  01005cb0    00000012     sysbios.aem4 : BIOS.obj (.text:_pthread_runStub$41)
                  01005cc2    00000006     driverlib.a : utils.obj (.text:UtilsDelay)
                  01005cc8    00000012     sysbios.aem4 : BIOS.obj (.text:ti_sysbios_hal_Hwi_Module_startup__E)
                  01005cda    00000012     release_pem4.oem4 (.text:xdc_runtime_Startup_exec__I)
                  01005cec    00000010     dpl_cc32xx.aem4 : HwiP_tirtos.oem4 (.text:HwiP_Params_init)
                  01005cfc    00000010     drivers_cc32xx.aem4 : UARTCC32XX.oem4 (.text:readBlockingTimeout)
                  01005d0c    00000004     --HOLE-- [fill = 0]
                  01005d10    00000010     sysbios.aem4 : BIOS.obj (.text:ti_sysbios_BIOS_getCpuFreq__E)
                  01005d20    00000010                  : BIOS.obj (.text:ti_sysbios_BIOS_setThreadType__E)
                  01005d30    00000010                  : BIOS.obj (.text:ti_sysbios_BIOS_start__E)
                  01005d40    00000010                  : m3_TaskSupport_asm.obj (.text:ti_sysbios_family_arm_m3_TaskSupport_glue)
                  01005d50    00000010                  : BIOS.obj (.text:ti_sysbios_gates_GateMutex_Instance_finalize__E)
                  01005d60    00000010     release_pem4.oem4 (.text:ti_sysbios_knl_Mailbox_Object__get__S)
                  01005d70    00000010     sysbios.aem4 : BIOS.obj (.text:ti_sysbios_knl_Semaphore_Instance_finalize__E)
                  01005d80    00000010                  : BIOS.obj (.text:ti_sysbios_knl_Swi_disable__E)
                  01005d90    00000010     release_pem4.oem4 (.text:ti_sysbios_knl_Task_Object__get__S)
                  01005da0    00000010     sysbios.aem4 : BIOS.obj (.text:ti_sysbios_knl_Task_disable__E)
                  01005db0    00000010                  : BIOS.obj (.text:xdc_runtime_Memory_free__E)
                  01005dc0    00000010                  : BIOS.obj (.text:xdc_runtime_SysCallback_abort__E)
                  01005dd0    00000010                  : BIOS.obj (.text:xdc_runtime_SysCallback_exit__E)
                  01005de0    0000000e     drivers_cc32xx.aem4 : RingBuf.oem4 (.text:RingBuf_isFull)
                  01005dee    0000000e     rtsv7M4_T_le_eabi.lib : copy_decompress_none.c.obj (.text:decompress:none:__TI_decompress_none)
                  01005dfc    00000004     --HOLE-- [fill = 0]
                  01005e00    0000000e     sysbios.aem4 : BIOS.obj (.text:pthread_attr_setdetachstate)
                  01005e0e    00000002     --HOLE-- [fill = 0]
                  01005e10    0000000e                  : BIOS.obj (.text:ti_sysbios_knl_Idle_loop__E)
                  01005e1e    00000002     --HOLE-- [fill = 0]
                  01005e20    0000000e                  : BIOS.obj (.text:ti_sysbios_knl_Queue_empty__E)
                  01005e2e    0000000c     CC3220SF_LAUNCHXL.obj (.text:CC3220SF_LAUNCHXL_initGeneral)
                  01005e3a    0000000c     dpl_cc32xx.aem4 : ClockP_tirtos.oem4 (.text:ClockP_delete)
                  01005e46    0000000c                     : HwiP_tirtos.oem4 (.text:HwiP_delete)
                  01005e52    00000002     --HOLE-- [fill = 0]
                  01005e54    0000000c     drivers_cc32xx.aem4 : PowerCC32XX.oem4 (.text:Power_getConstraintMask)
                  01005e60    0000000c     dpl_cc32xx.aem4 : SemaphoreP_tirtos.oem4 (.text:SemaphoreP_delete)
                  01005e6c    0000000c     rtsv7M4_T_le_eabi.lib : _lock.c.obj (.text:_register_lock)
                  01005e78    0000000c                           : _lock.c.obj (.text:_register_unlock)
                  01005e84    0000000c                           : copy_zero_init.c.obj (.text:decompress:ZI:__TI_zero_init)
                  01005e90    0000000c     drivers_cc32xx.aem4 : UARTCC32XX.oem4 (.text:postNotifyFxn)
                  01005e9c    0000000c     release_pem4.oem4 (.text:ti_sysbios_family_arm_m3_Hwi_Params__init__S)
                  01005ea8    0000000c     sysbios.aem4 : BIOS.obj (.text:ti_sysbios_family_arm_m3_Hwi_disableFxn__E)
                  01005eb4    00000004     --HOLE-- [fill = 0]
                  01005eb8    0000000c                  : BIOS.obj (.text:ti_sysbios_family_arm_m3_TaskSupport_getStackAlignment__E)
                  01005ec4    00000004     --HOLE-- [fill = 0]
                  01005ec8    0000000c                  : BIOS.obj (.text:ti_sysbios_gates_GateHwi_enter__E)
                  01005ed4    0000000c     release_pem4.oem4 (.text:ti_sysbios_knl_Clock_Params__init__S)
                  01005ee0    0000000c     sysbios.aem4 : BIOS.obj (.text:ti_sysbios_knl_Clock_getTicks__E)
                  01005eec    00000004     --HOLE-- [fill = 0]
                  01005ef0    0000000c                  : BIOS.obj (.text:ti_sysbios_knl_Clock_setTicks__E)
                  01005efc    00000004     --HOLE-- [fill = 0]
                  01005f00    0000000c                  : BIOS.obj (.text:ti_sysbios_knl_Clock_tickStart__E)
                  01005f0c    00000004     --HOLE-- [fill = 0]
                  01005f10    0000000c                  : BIOS.obj (.text:ti_sysbios_knl_Clock_tickStop__E)
                  01005f1c    0000000c     release_pem4.oem4 (.text:ti_sysbios_knl_Queue_Object__get__S)
                  01005f28    0000000c     release_pem4.oem4 (.text:ti_sysbios_knl_Semaphore_Params__init__S)
                  01005f34    0000000c     release_pem4.oem4 (.text:ti_sysbios_knl_Task_Params__init__S)
                  01005f40    0000000c     sysbios.aem4 : BIOS.obj (.text:ti_sysbios_rts_ti_ReentSupport_taskRegHook__I)
                  01005f4c    00000004     --HOLE-- [fill = 0]
                  01005f50    0000000c                  : BIOS.obj (.text:xdc_runtime_Startup_rtsDone__E)
                  01005f5c    0000000a     dpl_cc32xx.aem4 : ClockP_tirtos.oem4 (.text:ClockP_Params_init)
                  01005f66    0000000a     drivers_cc32xx.aem4 : UART.oem4 (.text:UART_write)
                  01005f70    0000000a     release_pem4.oem4 (.text:xdc_runtime_IHeap_alloc)
                  01005f7a    0000000a     release_pem4.oem4 (.text:xdc_runtime_IHeap_free)
                  01005f84    00000008     CC3220SF_LAUNCHXL.obj (.text:Board_init)
                  01005f8c    00000008     dpl_cc32xx.aem4 : SemaphoreP_tirtos.oem4 (.text:SemaphoreP_Params_init)
                  01005f94    00000004     --HOLE-- [fill = 0]
                  01005f98    00000008     sysbios.aem4 : BIOS.obj (.text:pthread_attr_setstacksize)
                  01005fa0    00000008     drivers_cc32xx.aem4 : UARTCC32XX.oem4 (.text:readSemCallback)
                  01005fa8    00000008     sysbios.aem4 : BIOS.obj (.text:ti_sysbios_family_arm_m3_Hwi_doSwiRestore__I)
                  01005fb0    00000008                  : BIOS.obj (.text:ti_sysbios_family_arm_m3_Hwi_startup__E)
                  01005fb8    00000008     drivers_cc32xx.aem4 : UARTCC32XX.oem4 (.text:writeSemCallback)
                  01005fc0    00000006     sysbios.aem4 : BIOS.obj (.text:ti_sysbios_family_arm_m3_Hwi_doTaskRestore__I)
                  01005fc6    00000002     --HOLE-- [fill = 0]
                  01005fc8    00000006                  : BIOS.obj (.text:ti_sysbios_family_arm_m3_Hwi_restoreFxn__E)
                  01005fce    00000002     --HOLE-- [fill = 0]
                  01005fd0    00000006                  : BIOS.obj (.text:ti_sysbios_gates_GateHwi_leave__E)
                  01005fd6    00000002     --HOLE-- [fill = 0]
                  01005fd8    00000006                  : BIOS.obj (.text:ti_sysbios_heaps_HeapMem_isBlocking__E)
                  01005fde    00000002     --HOLE-- [fill = 0]
                  01005fe0    00000006                  : BIOS.obj (.text:ti_sysbios_knl_Clock_stop__E)
                  01005fe6    00000002     --HOLE-- [fill = 0]
                  01005fe8    00000006                  : BIOS.obj (.text:ti_sysbios_knl_Queue_Instance_init__E)
                  01005fee    00000002     --HOLE-- [fill = 0]
                  01005ff0    00000006                  : BIOS.obj (.text:ti_sysbios_knl_Swi_startup__E)
                  01005ff6    00000002     --HOLE-- [fill = 0]
                  01005ff8    00000006                  : BIOS.obj (.text:xdc_runtime_System_Module_startup__E)
                  01005ffe    00000002     --HOLE-- [fill = 0]
                  01006000    00000004                  : BIOS.obj (.text:ti_sysbios_family_arm_m3_Timer_getMaxTicks__E)
                  01006004    00000004     --HOLE-- [fill = 0]
                  01006008    00000004                  : BIOS.obj (.text:ti_sysbios_gates_GateHwi_query__E)
                  0100600c    00000004     --HOLE-- [fill = 0]
                  01006010    00000004                  : BIOS.obj (.text:ti_sysbios_gates_GateMutex_query__E)
                  01006014    00000004     --HOLE-- [fill = 0]
                  01006018    00000004                  : BIOS.obj (.text:ti_sysbios_knl_Clock_setTimeout__E)
                  0100601c    00000004     --HOLE-- [fill = 0]
                  01006020    00000004                  : BIOS.obj (.text:ti_sysbios_knl_Task_startup__E)
                  01006024    00000004     --HOLE-- [fill = 0]
                  01006028    00000002                  : BIOS.obj (.text:ti_sysbios_BIOS_linkedWithIncorrectBootLibrary__E)
                  0100602a    00000006     --HOLE-- [fill = 0]
                  01006030    00000002                  : BIOS.obj (.text:ti_sysbios_gates_GateHwi_Instance_init__E)
                  01006032    00000006     --HOLE-- [fill = 0]
                  01006038    00000002                  : BIOS.obj (.text:ti_sysbios_knl_Clock_logTick__E)
                  0100603a    00000006     --HOLE-- [fill = 0]
                  01006040    00000002                  : BIOS.obj (.text:xdc_runtime_SysCallback_defaultAbort)
                  01006042    00000006     --HOLE-- [fill = 0]
                  01006048    00000002                  : BIOS.obj (.text:xdc_runtime_SysCallback_defaultExit)
                  0100604a    00000006     --HOLE-- [fill = 0]
                  01006050    00000002                  : BIOS.obj (.text:xdc_runtime_System_abortSpin__E)
                  01006052    00000006     --HOLE-- [fill = 0]
                  01006058    00000002                  : BIOS.obj (.text:xdc_runtime_System_exitSpin__E)

.const     0    0100605c    000007f2     
                  0100605c    00000100     driverlib.a : pin.obj (.const:g_ulPinToPadMap)
                  0100615c    000000a8                 : prcm.obj (.const:PRCM_PeriphRegsList)
                  01006204    00000058     release_pem4.oem4 (.const:.string)
                  0100625c    00000048     CC3220SF_LAUNCHXL.obj (.const:uartCC3220SHWAttrs)
                  010062a4    00000044     release_pem4.oem4 (.const:ti_sysbios_knl_Task_Object__PARAMS__C)
                  010062e8    00000040     CC3220SF_LAUNCHXL.obj (.const:PowerCC32XX_config)
                  01006328    00000030     release_pem4.oem4 (.const:ti_sysbios_family_arm_m3_Hwi_Object__PARAMS__C)
                  01006358    00000028     drivers_cc32xx.aem4 : UARTCC32XX.oem4 (.const:UARTCC32XX_fxnTable)
                  01006380    00000028     release_pem4.oem4 (.const:ti_sysbios_heaps_HeapMem_Module__FXNS__C)
                  010063a8    00000024     drivers_cc32xx.aem4 : UART.oem4 (.const:UART_defaultParams)
                  010063cc    00000024     release_pem4.oem4 (.const:ti_sysbios_gates_GateHwi_Module__FXNS__C)
                  010063f0    00000024     release_pem4.oem4 (.const:ti_sysbios_gates_GateMutex_Module__FXNS__C)
                  01006414    00000024     release_pem4.oem4 (.const:ti_sysbios_heaps_HeapMem_Object__PARAMS__C)
                  01006438    00000024     release_pem4.oem4 (.const:ti_sysbios_knl_Clock_Object__PARAMS__C)
                  0100645c    00000024     release_pem4.oem4 (.const:ti_sysbios_knl_Semaphore_Object__PARAMS__C)
                  01006480    00000021     drivers_cc32xx.aem4 : GPIOCC32XX.oem4 (.const:.string:pinTable)
                  010064a1    00000001     release_pem4.oem4 (.const:ti_sysbios_knl_Clock_tickMode__C)
                  010064a2    00000002     release_pem4.oem4 (.const:ti_sysbios_family_arm_m3_Hwi_Module__id__C)
                  010064a4    00000020     drivers_cc32xx.aem4 : UARTCC32XX.oem4 (.const:staticFxnTable)
                  010064c4    00000020     release_pem4.oem4 (.const:ti_sysbios_family_arm_m3_Hwi_Object__DESC__C)
                  010064e4    00000020     release_pem4.oem4 (.const:ti_sysbios_gates_GateHwi_Object__DESC__C)
                  01006504    00000020     release_pem4.oem4 (.const:ti_sysbios_gates_GateMutex_Object__DESC__C)
                  01006524    00000020     release_pem4.oem4 (.const:ti_sysbios_heaps_HeapMem_Object__DESC__C)
                  01006544    00000020     release_pem4.oem4 (.const:ti_sysbios_knl_Clock_Object__DESC__C)
                  01006564    00000020     release_pem4.oem4 (.const:ti_sysbios_knl_Queue_Object__DESC__C)
                  01006584    00000020     release_pem4.oem4 (.const:ti_sysbios_knl_Semaphore_Object__DESC__C)
                  010065a4    00000020     release_pem4.oem4 (.const:ti_sysbios_knl_Task_Object__DESC__C)
                  010065c4    00000020     release_pem4.oem4 (.const:xdc_runtime_Startup_sfxnTab__A)
                  010065e4    0000001c     uartecho.obj (.const:.string)
                  01006600    00000018     CC3220SF_LAUNCHXL.obj (.const:UART_config)
                  01006618    00000018     release_pem4.oem4 (.const:ti_sysbios_gates_GateHwi_Object__PARAMS__C)
                  01006630    00000018     release_pem4.oem4 (.const:ti_sysbios_gates_GateMutex_Object__PARAMS__C)
                  01006648    00000018     release_pem4.oem4 (.const:ti_sysbios_knl_Queue_Object__PARAMS__C)
                  01006660    00000018     release_pem4.oem4 (.const:ti_sysbios_knl_Task_hooks__A)
                  01006678    00000016     uartecho.obj (.const:.string:$P$T0$1)
                  0100668e    00000002     release_pem4.oem4 (.const:ti_sysbios_family_arm_m3_Timer_Module__id__C)
                  01006690    00000014     CC3220SF_LAUNCHXL.obj (.const:GPIOCC32XX_config)
                  010066a4    00000014     drivers_cc32xx.aem4 : GPIOCC32XX.oem4 (.const:gpioBaseAddresses)
                  010066b8    00000014                         : UARTCC32XX.oem4 (.const:parityType)
                  010066cc    00000014                         : GPIOCC32XX.oem4 (.const:powerResources)
                  010066e0    00000010                         : UARTCC32XX.oem4 (.const:dataLength)
                  010066f0    00000010     release_pem4.oem4 (.const:xdc_runtime_Startup_sfxnRts__A)
                  01006700    0000000d     CC3220SF_LAUNCHXL.obj (.const)
                  0100670d    00000001     release_pem4.oem4 (.const:ti_sysbios_knl_Clock_tickSource__C)
                  0100670e    00000002     release_pem4.oem4 (.const:ti_sysbios_heaps_HeapMem_Module__id__C)
                  01006710    0000000c     release_pem4.oem4 (.const:xdc_runtime_Startup_firstFxns__A)
                  0100671c    00000008     uartecho.obj (.const:.string:$P$T1$2)
                  01006724    00000008     drivers_cc32xx.aem4 : GPIOCC32XX.oem4 (.const:outPinTypes)
                  0100672c    00000008                         : UARTCC32XX.oem4 (.const:stopBits)
                  01006734    00000008     release_pem4.oem4 (.const:ti_sysbios_knl_Idle_funcList__A)
                  0100673c    00000008     release_pem4.oem4 (.const:ti_sysbios_knl_Idle_funcList__C)
                  01006744    00000008     release_pem4.oem4 (.const:ti_sysbios_knl_Task_hooks__C)
                  0100674c    00000008     release_pem4.oem4 (.const:xdc_runtime_Startup_firstFxns__C)
                  01006754    00000008     release_pem4.oem4 (.const:xdc_runtime_Startup_lastFxns__C)
                  0100675c    00000006     drivers_cc32xx.aem4 : GPIOCC32XX.oem4 (.const:.string:interruptType)
                  01006762    00000006                         : GPIOCC32XX.oem4 (.const:inPinTypes)
                  01006768    00000006                         : GPIOCC32XX.oem4 (.const:outPinStrengths)
                  0100676e    00000004                         : GPIOCC32XX.oem4 (.const:.string:portInterruptIds)
                  01006772    00000002     release_pem4.oem4 (.const:xdc_runtime_Memory_Module__id__C)
                  01006774    00000004     release_pem4.oem4 (.const:ti_sysbios_family_arm_m3_Hwi_E_alreadyDefined__C)
                  01006778    00000004     release_pem4.oem4 (.const:ti_sysbios_family_arm_m3_Hwi_NUM_INTERRUPTS__C)
                  0100677c    00000004     release_pem4.oem4 (.const:ti_sysbios_family_arm_m3_Hwi_Object__count__C)
                  01006780    00000004     release_pem4.oem4 (.const:ti_sysbios_family_arm_m3_Hwi_ccr__C)
                  01006784    00000004     release_pem4.oem4 (.const:ti_sysbios_family_arm_m3_Hwi_excHandlerFunc__C)
                  01006788    00000004     release_pem4.oem4 (.const:ti_sysbios_family_arm_m3_Hwi_nullIsrFunc__C)
                  0100678c    00000004     release_pem4.oem4 (.const:ti_sysbios_family_arm_m3_Hwi_priGroup__C)
                  01006790    00000004     release_pem4.oem4 (.const:ti_sysbios_family_arm_m3_Hwi_swiDisable__C)
                  01006794    00000004     release_pem4.oem4 (.const:ti_sysbios_family_arm_m3_Hwi_swiRestore__C)
                  01006798    00000004     release_pem4.oem4 (.const:ti_sysbios_family_arm_m3_TaskSupport_stackAlignment__C)
                  0100679c    00000004     release_pem4.oem4 (.const:ti_sysbios_family_arm_m3_Timer_E_cannotSupport__C)
                  010067a0    00000004     release_pem4.oem4 (.const:ti_sysbios_family_arm_m3_Timer_startupNeeded__C)
                  010067a4    00000004     release_pem4.oem4 (.const:ti_sysbios_gates_GateMutex_Instance_State_sem__O)
                  010067a8    00000004     release_pem4.oem4 (.const:ti_sysbios_heaps_HeapMem_E_memory__C)
                  010067ac    00000004     release_pem4.oem4 (.const:ti_sysbios_heaps_HeapMem_Module__gateObj__C)
                  010067b0    00000004     release_pem4.oem4 (.const:ti_sysbios_heaps_HeapMem_Object__count__C)
                  010067b4    00000004     release_pem4.oem4 (.const:ti_sysbios_heaps_HeapMem_primaryHeapBaseAddr__C)
                  010067b8    00000004     release_pem4.oem4 (.const:ti_sysbios_heaps_HeapMem_primaryHeapEndAddr__C)
                  010067bc    00000004     release_pem4.oem4 (.const:ti_sysbios_heaps_HeapMem_reqAlign__C)
                  010067c0    00000004     release_pem4.oem4 (.const:ti_sysbios_knl_Clock_Module_State_clockQ__O)
                  010067c4    00000004     release_pem4.oem4 (.const:ti_sysbios_knl_Clock_tickPeriod__C)
                  010067c8    00000004     release_pem4.oem4 (.const:ti_sysbios_knl_Mailbox_Instance_State_freeQue__O)
                  010067cc    00000004     release_pem4.oem4 (.const:ti_sysbios_knl_Mailbox_Object__count__C)
                  010067d0    00000004     release_pem4.oem4 (.const:ti_sysbios_knl_Mailbox_maxTypeAlign__C)
                  010067d4    00000004     release_pem4.oem4 (.const:ti_sysbios_knl_Semaphore_Instance_State_pendQ__O)
                  010067d8    00000004     release_pem4.oem4 (.const:ti_sysbios_knl_Swi_Object__count__C)
                  010067dc    00000004     release_pem4.oem4 (.const:ti_sysbios_knl_Task_Module_State_inactiveQ__O)
                  010067e0    00000004     release_pem4.oem4 (.const:ti_sysbios_knl_Task_Object__count__C)
                  010067e4    00000004     release_pem4.oem4 (.const:ti_sysbios_knl_Task_Object__heap__C)
                  010067e8    00000004     release_pem4.oem4 (.const:ti_sysbios_knl_Task_allBlockedFunc__C)
                  010067ec    00000004     release_pem4.oem4 (.const:ti_sysbios_knl_Task_defaultStackHeap__C)
                  010067f0    00000004     release_pem4.oem4 (.const:ti_sysbios_knl_Task_defaultStackSize__C)
                  010067f4    00000004     release_pem4.oem4 (.const:ti_sysbios_knl_Task_numConstructedTasks__C)
                  010067f8    00000004     release_pem4.oem4 (.const:xdc_runtime_Error_E_memory__C)
                  010067fc    00000004     release_pem4.oem4 (.const:xdc_runtime_Error_policyFxn__C)
                  01006800    00000004     release_pem4.oem4 (.const:xdc_runtime_IGateProvider_Interface__BASE__C)
                  01006804    00000004     release_pem4.oem4 (.const:xdc_runtime_IHeap_Interface__BASE__C)
                  01006808    00000004     release_pem4.oem4 (.const:xdc_runtime_IModule_Interface__BASE__C)
                  0100680c    00000004     release_pem4.oem4 (.const:xdc_runtime_Memory_defaultHeapInstance__C)
                  01006810    00000004     release_pem4.oem4 (.const:xdc_runtime_Startup_execImpl__C)
                  01006814    00000004     release_pem4.oem4 (.const:xdc_runtime_Startup_maxPasses__C)
                  01006818    00000004     release_pem4.oem4 (.const:xdc_runtime_Startup_sfxnRts__C)
                  0100681c    00000004     release_pem4.oem4 (.const:xdc_runtime_Startup_sfxnTab__C)
                  01006820    00000004     release_pem4.oem4 (.const:xdc_runtime_SysCallback_abortFxn__C)
                  01006824    00000004     release_pem4.oem4 (.const:xdc_runtime_SysCallback_exitFxn__C)
                  01006828    00000004     release_pem4.oem4 (.const:xdc_runtime_System_Module__gateObj__C)
                  0100682c    00000004     release_pem4.oem4 (.const:xdc_runtime_System_abortFxn__C)
                  01006830    00000004     release_pem4.oem4 (.const:xdc_runtime_System_exitFxn__C)
                  01006834    00000004     release_pem4.oem4 (.const:xdc_runtime_System_maxAtexitHandlers__C)
                  01006838    00000004     release_pem4.oem4 (.const:xdc_runtime_Text_charTab__C)
                  0100683c    00000004     release_pem4.oem4 (.const:xdc_runtime_Text_nameEmpty__C)
                  01006840    00000004     release_pem4.oem4 (.const:xdc_runtime_Text_nameStatic__C)
                  01006844    00000004     release_pem4.oem4 (.const:xdc_runtime_Text_nameUnknown__C)
                  01006848    00000002     release_pem4.oem4 (.const:xdc_runtime_Text_charCnt__C)
                  0100684a    00000002     release_pem4.oem4 (.const:xdc_runtime_Text_isLoaded__C)
                  0100684c    00000001     release_pem4.oem4 (.const:xdc_runtime_Error_policy__C)
                  0100684d    00000001     release_pem4.oem4 (.const:xdc_runtime_Text_charTab__A)

.cinit     0    01006850    00000280     
                  01006850    00000255     (.cinit..data.load) [load image, compression = lzss]
                  01006aa5    00000003     --HOLE-- [fill = 0]
                  01006aa8    0000000c     (__TI_handler_table)
                  01006ab4    00000004     --HOLE-- [fill = 0]
                  01006ab8    00000008     (.cinit..bss.load) [load image, compression = zero_init]
                  01006ac0    00000010     (__TI_cinit_table)

.init_array 
*          0    01000800    00000000     UNINITIALIZED

.bss       0    20008310    000007c0     UNINITIALIZED
                  20008310    0000030c     (.common:ti_sysbios_family_arm_m3_Hwi_dispatchTable)
                  2000861c    00000004     drivers_cc32xx.aem4 : GPIOCC32XX.oem4 (.bss)
                  20008620    00000200     release_pem4.oem4 (.bss:taskStackSection)
                  20008820    0000012c     (.common:PowerCC32XX_contextSave)
                  2000894c    00000108     (.common:uartCC3220SObjects)
                  20008a54    00000040     (.common:uartCC3220SRingBuffer)
                  20008a94    00000020     drivers_cc32xx.aem4 : GPIOCC32XX.oem4 (.bss:gpioCallbackInfo)
                  20008ab4    00000014                         : GPIOCC32XX.oem4 (.bss:powerNotifyObj)
                  20008ac8    00000004     (.common:ClockP_tickPeriod)
                  20008acc    00000004     (.common:ti_sysbios_knl_Task_Instance_State_0_hookEnv__A)

.data      0    20008ad0    00000708     UNINITIALIZED
                  20008ad0    0000016c     drivers_cc32xx.aem4 : PowerCC32XX.oem4 (.data:PowerCC32XX_module)
                  20008c3c    000000f8     CC3220SF_LAUNCHXL.obj (.data:parkInfo)
                  20008d34    00000088     sysbios.aem4 : BIOS.obj (.data:$O1$$)
                  20008dbc    00000080     release_pem4.oem4 (.data:ti_sysbios_knl_Swi_Module_State_0_readyQ__A)
                  20008e3c    00000080     release_pem4.oem4 (.data:ti_sysbios_knl_Task_Module_State_0_readyQ__A)
                  20008ebc    0000005c     release_pem4.oem4 (.data:ti_sysbios_knl_Task_Object__table__V)
                  20008f18    00000054     release_pem4.oem4 (.data:ti_sysbios_gates_GateMutex_Object__table__V)
                  20008f6c    00000048     release_pem4.oem4 (.data:ti_sysbios_knl_Task_Module__state__V)
                  20008fb4    00000034     release_pem4.oem4 (.data:ti_sysbios_family_arm_m3_Hwi_Module__state__V)
                  20008fe8    00000030     release_pem4.oem4 (.data:ti_sysbios_family_arm_m3_Timer_Object__table__V)
                  20009018    00000030     release_pem4.oem4 (.data:ti_sysbios_knl_Swi_Object__table__V)
                  20009048    0000002c     release_pem4.oem4 (.data:ti_sysbios_knl_Clock_Module__state__V)
                  20009074    00000024     CC3220SF_LAUNCHXL.obj (.data:gpioPinConfigs)
                  20009098    00000024     release_pem4.oem4 (.data:ti_sysbios_BIOS_Module__state__V)
                  200090bc    00000020     release_pem4.oem4 (.data:xdc_runtime_Error_IgnoreBlock)
                  200090dc    0000001c     release_pem4.oem4 (.data:ti_sysbios_knl_Swi_Module__state__V)
                  200090f8    00000018     release_pem4.oem4 (.data:ti_sysbios_family_arm_m3_Hwi_Object__table__V)
                  20009110    00000018     release_pem4.oem4 (.data:ti_sysbios_heaps_HeapMem_Object__table__V)
                  20009128    00000010     CC3220SF_LAUNCHXL.obj (.data:gpioCallbackFunctions)
                  20009138    0000000c     uartecho.obj (.data:BTM)
                  20009144    0000000c     release_pem4.oem4 (.data:ti_sysbios_family_arm_m3_Timer_Module__state__V)
                  20009150    00000009     drivers_cc32xx.aem4 : GPIOCC32XX.oem4 (.data)
                  20009159    00000001                         : UART.oem4 (.data)
                  2000915a    00000002     release_pem4.oem4 (.data:ti_sysbios_family_arm_m3_Hwi_Module_State_0_excActive__A)
                  2000915c    00000008     rtsv7M4_T_le_eabi.lib : _lock.c.obj (.data:$O1$$)
                  20009164    00000008     release_pem4.oem4 (.data:ti_sysbios_family_arm_m3_Hwi_Module__root__V)
                  2000916c    00000008     release_pem4.oem4 (.data:ti_sysbios_gates_GateHwi_Module__root__V)
                  20009174    00000008     release_pem4.oem4 (.data:ti_sysbios_gates_GateMutex_Module__root__V)
                  2000917c    00000008     release_pem4.oem4 (.data:ti_sysbios_heaps_HeapMem_Module__root__V)
                  20009184    00000008     release_pem4.oem4 (.data:ti_sysbios_knl_Clock_Module__root__V)
                  2000918c    00000008     release_pem4.oem4 (.data:ti_sysbios_knl_Queue_Module__root__V)
                  20009194    00000008     release_pem4.oem4 (.data:ti_sysbios_knl_Semaphore_Module__root__V)
                  2000919c    00000008     release_pem4.oem4 (.data:ti_sysbios_knl_Task_Module__root__V)
                  200091a4    00000008     release_pem4.oem4 (.data:xdc_runtime_Startup_Module__state__V)
                  200091ac    00000008     release_pem4.oem4 (.data:xdc_runtime_System_Module_State_0_atexitHandlers__A)
                  200091b4    00000008     release_pem4.oem4 (.data:xdc_runtime_System_Module__state__V)
                  200091bc    00000004     rtsv7M4_T_le_eabi.lib : stkdepth_vars.c.obj (.data)
                  200091c0    00000004     release_pem4.oem4 (.data:ti_sysbios_family_arm_m3_Hwi_Module_State_0_excContext__A)
                  200091c4    00000004     release_pem4.oem4 (.data:ti_sysbios_family_arm_m3_Hwi_Module_State_0_excStack__A)
                  200091c8    00000004     release_pem4.oem4 (.data:ti_sysbios_gates_GateHwi_Object__table__V)
                  200091cc    00000004     release_pem4.oem4 (.data:ti_sysbios_knl_Task_Module_State_0_idleTask__A)
                  200091d0    00000004     release_pem4.oem4 (.data:ti_sysbios_rts_ti_ReentSupport_Module__state__V)
                  200091d4    00000004     release_pem4.oem4 (.data:xdc_runtime_Memory_Module__state__V)

.priheap   0    20000310    00008000     UNINITIALIZED
                  20000310    00008000     --HOLE--

.stack     0    2003fc00    00000400     UNINITIALIZED
                  2003fc00    00000400     --HOLE--

.bootVecs 
*          0    00000000    00000008     DSECT
                  00000000    00000008     boot.aem4 : boot.oem4 (.bootVecs)

.resetVecs 
*          0    01000800    0000003c     
                  01000800    0000003c     release_pem4.oem4 (.resetVecs)

.vecs      0    20000000    0000030c     NOLOAD SECTION
                  20000000    0000030c     release_pem4.oem4 (.vecs)

xdc.meta   0    00000000    00000107     COPY SECTION
                  00000000    00000107     release_pem4.oem4 (xdc.meta)

xdc.noload 
*          0    00000000    00000000     COPY SECTION

.binit     0    01000000    00000000     

MODULE SUMMARY

       Module                       code    ro data   rw data
       ------                       ----    -------   -------
    .\
       CC3220SF_LAUNCHXL.obj        20      193       628    
       uartecho.obj                 500     58        12     
       knx.obj                      294     0         0      
       helpers.obj                  200     0         0      
       main_tirtos.obj              100     0         0      
    +--+----------------------------+-------+---------+---------+
       Total:                       1114    251       640    
                                                             
    C:\Users\JUNHU2\workspace_v9\tirtos_builds_CC3220SF_LAUNCHXL_release_ccs\Debug\configPkg\package\cfg\
       release_pem4.oem4            1472    1164      3042   
    +--+----------------------------+-------+---------+---------+
       Total:                       1472    1164      3042   
                                                             
    C:/ti/simplelink_cc32xx_sdk_3_20_00_06/kernel/tirtos/packages/ti/dpl/lib/dpl_cc32xx.aem4
       PowerCC32XX_tirtos.oem4      430     0         0      
       SemaphoreP_tirtos.oem4       146     0         0      
       ClockP_tirtos.oem4           118     0         4      
       HwiP_tirtos.oem4             96      0         0      
    +--+----------------------------+-------+---------+---------+
       Total:                       790     0         4      
                                                             
    C:/ti/simplelink_cc32xx_sdk_3_20_00_06/source/ti/devices/cc32xx/driverlib/ccs/Release/driverlib.a
       prcm.obj                     1604    168       0      
       pin.obj                      280     256       0      
       flash.obj                    72      0         0      
       uart.obj                     48      0         0      
       utils.obj                    6       0         0      
    +--+----------------------------+-------+---------+---------+
       Total:                       2010    424       0      
                                                             
    C:/ti/simplelink_cc32xx_sdk_3_20_00_06/source/ti/drivers/lib/drivers_cc32xx.aem4
       UARTCC32XX.oem4              3442    116       0      
       PowerCC32XX.oem4             2308    0         664    
       GPIOCC32XX.oem4              1196    103       65     
       UART.oem4                    166     36        1      
       RingBuf.oem4                 198     0         0      
       PowerCC32XX_asm.oem4         150     0         0      
       List.oem4                    76      0         0      
    +--+----------------------------+-------+---------+---------+
       Total:                       7536    255       730    
                                                             
    C:\Users\JUNHU2\workspace_v9\tirtos_builds_CC3220SF_LAUNCHXL_release_ccs\src\sysbios\sysbios.aem4
       BIOS.obj                     8040    0         136    
       m3_Hwi_asm.obj               274     0         0      
       m3_Hwi_asm_switch.obj        102     0         0      
       m3_TaskSupport_asm.obj       36      0         0      
    +--+----------------------------+-------+---------+---------+
       Total:                       8452    0         136    
                                                             
    C:\ti\ccs901\ccs\tools\compiler\ti-cgt-arm_18.12.2.LTS\lib\rtsv7M4_T_le_eabi.lib
       memcpy_t2.asm.obj            156     0         0      
       ull_div_t2.asm.obj           150     0         0      
       memset_t2.asm.obj            122     0         0      
       copy_decompress_lzss.c.obj   104     0         0      
       cpy_tbl.c.obj                76      0         0      
       _lock.c.obj                  26      0         8      
       args_main.c.obj              24      0         0      
       ll_mul_t2.asm.obj            24      0         0      
       copy_decompress_none.c.obj   14      0         0      
       copy_zero_init.c.obj         12      0         0      
       stkdepth_vars.c.obj          0       0         4      
       div0.asm.obj                 2       0         0      
    +--+----------------------------+-------+---------+---------+
       Total:                       710     0         12     
                                                             
    C:\ti\simplelink_cc32xx_sdk_3_20_00_06\kernel\tirtos\packages\ti\targets\arm\rtsarm\lib\auto_init.aem4
       auto_init.oem4               160     0         0      
    +--+----------------------------+-------+---------+---------+
       Total:                       160     0         0      
                                                             
    C:\ti\simplelink_cc32xx_sdk_3_20_00_06\kernel\tirtos\packages\ti\targets\arm\rtsarm\lib\boot.aem4
       boot.oem4                    68      0         0      
    +--+----------------------------+-------+---------+---------+
       Total:                       68      0         0      
                                                             
       Stack:                       0       0         1024   
       Linker Generated:            0       633       0      
    +--+----------------------------+-------+---------+---------+
       Grand Total:                 22312   2727      5588   


LINKER GENERATED COPY TABLES

__TI_cinit_table @ 01006ac0 records: 2, size/record: 8, table size: 16
	.data: load addr=01006850, load size=00000255 bytes, run addr=20008ad0, run size=00000708 bytes, compression=lzss
	.bss: load addr=01006ab8, load size=00000008 bytes, run addr=20008310, run size=000007c0 bytes, compression=zero_init


LINKER GENERATED HANDLER TABLE

__TI_handler_table @ 01006aa8 records: 3, size/record: 4, table size: 12
	index: 0, handler: __TI_decompress_lzss
	index: 1, handler: __TI_decompress_none
	index: 2, handler: __TI_zero_init


GLOBAL SYMBOLS: SORTED ALPHABETICALLY BY Name 

address   name                                                            
-------   ----                                                            
01006700  ADC_count                                                       
20009138  BTM                                                             
01005f85  Board_init                                                      
01005e2f  CC3220SF_LAUNCHXL_initGeneral                                   
01006701  Capture_count                                                   
01005f5d  ClockP_Params_init                                              
01004299  ClockP_create                                                   
01005e3b  ClockP_delete                                                   
01001545  ClockP_getCpuFreq                                               
01005ee1  ClockP_getSystemTicks                                           
010019dd  ClockP_setTimeout                                               
01001afd  ClockP_start                                                    
01001d15  ClockP_stop                                                     
20008ac8  ClockP_tickPeriod                                               
01006702  CryptoCC32XX_count                                              
01006703  Display_count                                                   
010045f5  FlashDisable                                                    
01006690  GPIOCC32XX_config                                               
01004389  GPIO_enableInt                                                  
01003761  GPIO_hwiIntFxn                                                  
01002265  GPIO_init                                                       
01003e09  GPIO_setCallback                                                
010010d9  GPIO_setConfig                                                  
01003fe5  GPIO_write                                                      
00008000  HEAPSIZE                                                        
01005ced  HwiP_Params_init                                                
01004b3d  HwiP_create                                                     
01005e47  HwiP_delete                                                     
010028cd  HwiP_disable                                                    
01005fc9  HwiP_restore                                                    
01006704  I2C_count                                                       
01006705  I2S_count                                                       
01001679  KNXFormatStdFrameTX                                             
01005559  List_put                                                        
0100557f  List_remove                                                     
01000841  PRCMCC3200MCUInit                                               
01005b89  PRCMHIBRegRead                                                  
01005b9f  PRCMHIBRegWrite                                                 
0100463d  PRCMLPDSEnter                                                   
01004f61  PRCMLPDSEnterKeepDebugIf                                        
01004911  PRCMLPDSRestoreInfoSet                                          
01005465  PRCMPeripheralClkDisable                                        
01004685  PRCMPeripheralClkEnable                                         
0100403d  PRCMPeripheralReset                                             
01003ce9  PRCMSysResetCauseGet                                            
01006706  PWM_count                                                       
0100312d  PinConfigSet                                                    
01005041  PinModeGet                                                      
01004b7d  PinModeSet                                                      
010058f1  PinToPadGet                                                     
010062e8  PowerCC32XX_config                                              
0100277d  PowerCC32XX_configureWakeup                                     
20008820  PowerCC32XX_contextSave                                         
01004955  PowerCC32XX_enterLPDS                                           
01005359  PowerCC32XX_getParkState                                        
0100548d  PowerCC32XX_initPolicy                                          
20008ad0  PowerCC32XX_module                                              
010043d5  PowerCC32XX_parkPin                                             
01005075  PowerCC32XX_restoreParkState                                    
01005143  PowerCC32XX_restoreParkedPin                                    
01004245  PowerCC32XX_resumeLPDS                                          
01003b59  PowerCC32XX_setParkState                                        
010012b1  PowerCC32XX_sleepPolicy                                         
01005e55  Power_getConstraintMask                                         
01005bcd  Power_getDependencyCount                                        
01005a21  Power_idleFunc                                                  
01003351  Power_init                                                      
010054b5  Power_registerNotify                                            
010046cd  Power_releaseConstraint                                         
01004095  Power_releaseDependency                                         
01004d01  Power_setConstraint                                             
01003565  Power_setDependency                                             
010018c1  Power_sleep                                                     
0100578d  Power_unregisterNotify                                          
01005c89  RingBuf_construct                                               
01004bbd  RingBuf_get                                                     
01005de1  RingBuf_isFull                                                  
010057ad  RingBuf_peek                                                    
010048c9  RingBuf_put                                                     
01006707  SDFatFS_count                                                   
01006708  SD_count                                                        
UNDEFED   SHT$$INIT_ARRAY$$Base                                           
UNDEFED   SHT$$INIT_ARRAY$$Limit                                          
01006709  SPI_count                                                       
01005f8d  SemaphoreP_Params_init                                          
01004d3d  SemaphoreP_create                                               
01005385  SemaphoreP_createBinary                                         
01005e61  SemaphoreP_delete                                               
01005c9b  SemaphoreP_pend                                                 
01002f7d  SemaphoreP_post                                                 
0100670a  Timer_count                                                     
01005a39  UARTBusy                                                        
010017a1  UARTCC32XX_close                                                
01001e15  UARTCC32XX_control                                              
01006358  UARTCC32XX_fxnTable                                             
0100179f  UARTCC32XX_init                                                 
01000c6d  UARTCC32XX_open                                                 
01004bfd  UARTCC32XX_read                                                 
01005009  UARTCC32XX_readCancel                                           
010024a5  UARTCC32XX_readPolling                                          
01002199  UARTCC32XX_write                                                
01003af1  UARTCC32XX_writeCancel                                          
01003c85  UARTCC32XX_writePolling                                         
01005a51  UARTIntEnable                                                   
01005a69  UART_Params_init                                                
01006600  UART_config                                                     
0100670b  UART_count                                                      
010063a8  UART_defaultParams                                              
01004999  UART_init                                                       
01004c3d  UART_open                                                       
01005f67  UART_write                                                      
01005cc3  UtilsDelay                                                      
0100670c  Watchdog_count                                                  
00000000  __ASM__                                                         
00000080  __ISA__                                                         
00000093  __PLAT__                                                        
20040000  __STACK_END                                                     
00000400  __STACK_SIZE                                                    
000000ba  __TARG__                                                        
01006ac0  __TI_CINIT_Base                                                 
01006ad0  __TI_CINIT_Limit                                                
01006aa8  __TI_Handler_Table_Base                                         
01006ab4  __TI_Handler_Table_Limit                                        
01002ab9  __TI_auto_init                                                  
01003a1d  __TI_decompress_lzss                                            
01005def  __TI_decompress_none                                            
ffffffff  __TI_pprof_out_hndl                                             
ffffffff  __TI_prof_data_size                                             
ffffffff  __TI_prof_data_start                                            
01006850  __TI_static_base__                                              
01005e85  __TI_zero_init                                                  
000000df  __TRDR__                                                        
01002263  __aeabi_idiv0                                                   
01002263  __aeabi_ldiv0                                                   
01005a99  __aeabi_lmul                                                    
010036e5  __aeabi_memclr                                                  
010036e5  __aeabi_memclr4                                                 
010036e5  __aeabi_memclr8                                                 
01002bf5  __aeabi_memcpy                                                  
01002bf5  __aeabi_memcpy4                                                 
01002bf5  __aeabi_memcpy8                                                 
010036e7  __aeabi_memset                                                  
010036e7  __aeabi_memset4                                                 
010036e7  __aeabi_memset8                                                 
01002dc1  __aeabi_uldivmod                                                
ffffffff  __binit__                                                       
ffffffff  __c_args__                                                      
20008310  __primary_heap_end__                                            
20000310  __primary_heap_start__                                          
2003fc00  __stack                                                         
01005a81  _args_main                                                      
010049dd  _c_int00                                                        
2000915c  _lock                                                           
01001f07  _nop                                                            
010053b1  _pthread_cleanupFxn                                             
01002b59  _pthread_removeThreadKeys                                       
01005e6d  _register_lock                                                  
01005e79  _register_unlock                                                
20009160  _unlock                                                         
ffffffff  binit                                                           
01004421  copy_in                                                         
[...]
01005d21  ti_sysbios_BIOS_setThreadType__E                                
01005d31  ti_sysbios_BIOS_start__E                                        
01005d41  ti_sysbios_family_arm_m3_TaskSupport_glue                       
01005d51  ti_sysbios_gates_GateMutex_Instance_finalize__E                 
01005d61  ti_sysbios_knl_Mailbox_Object__get__S                           
01005d71  ti_sysbios_knl_Semaphore_Instance_finalize__E                   
01005d81  ti_sysbios_knl_Swi_disable__E                                   
01005d91  ti_sysbios_knl_Task_Object__get__S                              
01005da1  ti_sysbios_knl_Task_disable__E                                  
01005db1  xdc_runtime_Memory_free__E                                      
01005dc1  xdc_runtime_SysCallback_abort__E                                
01005dc1  xdc_runtime_System_SupportProxy_abort__E                        
01005dd1  xdc_runtime_SysCallback_exit__E                                 
01005dd1  xdc_runtime_System_SupportProxy_exit__E                         
01005de1  RingBuf_isFull                                                  
01005def  __TI_decompress_none                                            
01005e01  pthread_attr_setdetachstate                                     
01005e11  ti_sysbios_knl_Idle_loop__E                                     
01005e21  ti_sysbios_knl_Queue_empty__E                                   
01005e2f  CC3220SF_LAUNCHXL_initGeneral                                   
01005e3b  ClockP_delete                                                   
01005e47  HwiP_delete                                                     
01005e55  Power_getConstraintMask                                         
01005e61  SemaphoreP_delete                                               
01005e6d  _register_lock                                                  
01005e79  _register_unlock                                                
01005e85  __TI_zero_init                                                  
01005e9d  ti_sysbios_family_arm_m3_Hwi_Params__init__S                    
01005e9d  ti_sysbios_hal_Hwi_HwiProxy_Params__init__S                     
01005ea9  ti_sysbios_family_arm_m3_Hwi_disableFxn__E                      
01005ea9  ti_sysbios_hal_Hwi_HwiProxy_disable__E                          
01005eb9  ti_sysbios_family_arm_m3_TaskSupport_getStackAlignment__E       
01005eb9  ti_sysbios_knl_Task_SupportProxy_getStackAlignment__E           
01005ec9  ti_sysbios_gates_GateHwi_enter__E                               
01005ed5  ti_sysbios_knl_Clock_Params__init__S                            
01005ee1  ClockP_getSystemTicks                                           
01005ee1  ti_sysbios_knl_Clock_getTicks__E                                
01005ef1  ti_sysbios_knl_Clock_setTicks__E                                
01005f01  ti_sysbios_knl_Clock_tickStart__E                               
01005f11  ti_sysbios_knl_Clock_tickStop__E                                
01005f1d  ti_sysbios_knl_Queue_Object__get__S                             
01005f29  ti_sysbios_knl_Semaphore_Params__init__S                        
01005f35  ti_sysbios_knl_Task_Params__init__S                             
01005f41  ti_sysbios_rts_ti_ReentSupport_taskRegHook__I                   
01005f51  xdc_runtime_Startup_rtsDone__E                                  
01005f5d  ClockP_Params_init                                              
01005f67  UART_write                                                      
01005f71  xdc_runtime_Memory_HeapProxy_alloc__E                           
01005f7b  xdc_runtime_Memory_HeapProxy_free__E                            
01005f85  Board_init                                                      
01005f8d  SemaphoreP_Params_init                                          
01005f99  pthread_attr_setstacksize                                       
01005fa9  ti_sysbios_family_arm_m3_Hwi_doSwiRestore__I                    
01005fb1  ti_sysbios_family_arm_m3_Hwi_startup__E                         
01005fb1  ti_sysbios_hal_Hwi_HwiProxy_startup__E                          
01005fb1  ti_sysbios_hal_Hwi_startup__E                                   
01005fc1  ti_sysbios_family_arm_m3_Hwi_doTaskRestore__I                   
01005fc9  HwiP_restore                                                    
01005fc9  ti_sysbios_family_arm_m3_Hwi_restoreFxn__E                      
01005fc9  ti_sysbios_hal_Hwi_HwiProxy_restore__E                          
01005fd1  ti_sysbios_gates_GateHwi_leave__E                               
01005fd9  ti_sysbios_heaps_HeapMem_isBlocking__E                          
01005fe1  ti_sysbios_knl_Clock_stop__E                                    
01005fe9  ti_sysbios_knl_Queue_Instance_init__E                           
01005ff1  ti_sysbios_knl_Swi_startup__E                                   
01005ff9  xdc_runtime_System_Module_startup__E                            
01006001  ti_sysbios_family_arm_m3_Timer_getMaxTicks__E                   
01006009  ti_sysbios_gates_GateHwi_query__E                               
01006009  xdc_runtime_Main_Module_GateProxy_query__E                      
01006009  xdc_runtime_System_Module_GateProxy_query__E                    
01006011  ti_sysbios_BIOS_RtsGateProxy_query__E                           
01006011  ti_sysbios_gates_GateMutex_query__E                             
01006011  ti_sysbios_heaps_HeapMem_Module_GateProxy_query__E              
01006019  ti_sysbios_knl_Clock_setTimeout__E                              
01006021  ti_sysbios_knl_Task_startup__E                                  
01006029  ti_sysbios_BIOS_linkedWithIncorrectBootLibrary__E               
01006031  ti_sysbios_gates_GateHwi_Instance_init__E                       
01006039  ti_sysbios_knl_Clock_logTick__E                                 
01006041  xdc_runtime_SysCallback_defaultAbort                            
01006049  xdc_runtime_SysCallback_defaultExit                             
01006051  xdc_runtime_System_abortSpin__E                                 
01006059  xdc_runtime_System_exitSpin__E                                  
0100625c  uartCC3220SHWAttrs                                              
010062a4  ti_sysbios_knl_Task_Object__PARAMS__C                           
010062e8  PowerCC32XX_config                                              
01006328  ti_sysbios_family_arm_m3_Hwi_Object__PARAMS__C                  
01006358  UARTCC32XX_fxnTable                                             
01006380  ti_sysbios_heaps_HeapMem_Module__FXNS__C                        
010063a8  UART_defaultParams                                              
010063cc  ti_sysbios_gates_GateHwi_Module__FXNS__C                        
010063f0  ti_sysbios_gates_GateMutex_Module__FXNS__C                      
01006414  ti_sysbios_heaps_HeapMem_Object__PARAMS__C                      
01006438  ti_sysbios_knl_Clock_Object__PARAMS__C                          
0100645c  ti_sysbios_knl_Semaphore_Object__PARAMS__C                      
010064a1  ti_sysbios_knl_Clock_tickMode__C                                
010064a2  ti_sysbios_family_arm_m3_Hwi_Module__id__C                      
010064c4  ti_sysbios_family_arm_m3_Hwi_Object__DESC__C                    
010064e4  ti_sysbios_gates_GateHwi_Object__DESC__C                        
01006504  ti_sysbios_gates_GateMutex_Object__DESC__C                      
01006524  ti_sysbios_heaps_HeapMem_Object__DESC__C                        
01006544  ti_sysbios_knl_Clock_Object__DESC__C                            
01006564  ti_sysbios_knl_Queue_Object__DESC__C                            
01006584  ti_sysbios_knl_Semaphore_Object__DESC__C                        
010065a4  ti_sysbios_knl_Task_Object__DESC__C                             
010065c4  xdc_runtime_Startup_sfxnTab__A                                  
01006600  UART_config                                                     
01006618  ti_sysbios_gates_GateHwi_Object__PARAMS__C                      
01006630  ti_sysbios_gates_GateMutex_Object__PARAMS__C                    
01006648  ti_sysbios_knl_Queue_Object__PARAMS__C                          
01006660  ti_sysbios_knl_Task_hooks__A                                    
0100668e  ti_sysbios_family_arm_m3_Timer_Module__id__C                    
01006690  GPIOCC32XX_config                                               
010066f0  xdc_runtime_Startup_sfxnRts__A                                  
01006700  ADC_count                                                       
01006701  Capture_count                                                   
01006702  CryptoCC32XX_count                                              
01006703  Display_count                                                   
01006704  I2C_count                                                       
01006705  I2S_count                                                       
01006706  PWM_count                                                       
01006707  SDFatFS_count                                                   
01006708  SD_count                                                        
01006709  SPI_count                                                       
0100670a  Timer_count                                                     
0100670b  UART_count                                                      
0100670c  Watchdog_count                                                  
0100670d  ti_sysbios_knl_Clock_tickSource__C                              
0100670e  ti_sysbios_heaps_HeapMem_Module__id__C                          
01006710  xdc_runtime_Startup_firstFxns__A                                
01006724  outPinTypes                                                     
01006734  ti_sysbios_knl_Idle_funcList__A                                 
0100673c  ti_sysbios_knl_Idle_funcList__C                                 
01006744  ti_sysbios_knl_Task_hooks__C                                    
0100674c  xdc_runtime_Startup_firstFxns__C                                
01006754  xdc_runtime_Startup_lastFxns__C                                 
01006762  inPinTypes                                                      
01006768  outPinStrengths                                                 
01006772  xdc_runtime_Memory_Module__id__C                                
01006774  ti_sysbios_family_arm_m3_Hwi_E_alreadyDefined__C                
01006778  ti_sysbios_family_arm_m3_Hwi_NUM_INTERRUPTS__C                  
0100677c  ti_sysbios_family_arm_m3_Hwi_Object__count__C                   
01006780  ti_sysbios_family_arm_m3_Hwi_ccr__C                             
01006784  ti_sysbios_family_arm_m3_Hwi_excHandlerFunc__C                  
01006788  ti_sysbios_family_arm_m3_Hwi_nullIsrFunc__C                     
0100678c  ti_sysbios_family_arm_m3_Hwi_priGroup__C                        
01006790  ti_sysbios_family_arm_m3_Hwi_swiDisable__C                      
01006794  ti_sysbios_family_arm_m3_Hwi_swiRestore__C                      
01006798  ti_sysbios_family_arm_m3_TaskSupport_stackAlignment__C          
0100679c  ti_sysbios_family_arm_m3_Timer_E_cannotSupport__C               
010067a0  ti_sysbios_family_arm_m3_Timer_startupNeeded__C                 
010067a4  ti_sysbios_gates_GateMutex_Instance_State_sem__O                
010067a8  ti_sysbios_heaps_HeapMem_E_memory__C                            
010067ac  ti_sysbios_heaps_HeapMem_Module__gateObj__C                     
010067b0  ti_sysbios_heaps_HeapMem_Object__count__C                       
010067b4  ti_sysbios_heaps_HeapMem_primaryHeapBaseAddr__C                 
010067b8  ti_sysbios_heaps_HeapMem_primaryHeapEndAddr__C                  
010067bc  ti_sysbios_heaps_HeapMem_reqAlign__C                            
010067c0  ti_sysbios_knl_Clock_Module_State_clockQ__O                     
010067c4  ti_sysbios_knl_Clock_tickPeriod__C                              
010067c8  ti_sysbios_knl_Mailbox_Instance_State_freeQue__O                
010067cc  ti_sysbios_knl_Mailbox_Object__count__C                         
010067d0  ti_sysbios_knl_Mailbox_maxTypeAlign__C                          
010067d4  ti_sysbios_knl_Semaphore_Instance_State_pendQ__O                
010067d8  ti_sysbios_knl_Swi_Object__count__C                             
010067dc  ti_sysbios_knl_Task_Module_State_inactiveQ__O                   
010067e0  ti_sysbios_knl_Task_Object__count__C                            
010067e4  ti_sysbios_knl_Task_Object__heap__C                             
010067e8  ti_sysbios_knl_Task_allBlockedFunc__C                           
010067ec  ti_sysbios_knl_Task_defaultStackHeap__C                         
010067f0  ti_sysbios_knl_Task_defaultStackSize__C                         
010067f4  ti_sysbios_knl_Task_numConstructedTasks__C                      
010067f8  xdc_runtime_Error_E_memory__C                                   
010067fc  xdc_runtime_Error_policyFxn__C                                  
01006800  xdc_runtime_IGateProvider_Interface__BASE__C                    
01006804  xdc_runtime_IHeap_Interface__BASE__C                            
01006808  xdc_runtime_IModule_Interface__BASE__C                          
0100680c  xdc_runtime_Memory_defaultHeapInstance__C                       
01006810  xdc_runtime_Startup_execImpl__C                                 
01006814  xdc_runtime_Startup_maxPasses__C                                
01006818  xdc_runtime_Startup_sfxnRts__C                                  
0100681c  xdc_runtime_Startup_sfxnTab__C                                  
01006820  xdc_runtime_SysCallback_abortFxn__C                             
01006824  xdc_runtime_SysCallback_exitFxn__C                              
01006828  xdc_runtime_System_Module__gateObj__C                           
0100682c  xdc_runtime_System_abortFxn__C                                  
01006830  xdc_runtime_System_exitFxn__C                                   
01006834  xdc_runtime_System_maxAtexitHandlers__C                         
01006838  xdc_runtime_Text_charTab__C                                     
0100683c  xdc_runtime_Text_nameEmpty__C                                   
01006840  xdc_runtime_Text_nameStatic__C                                  
01006844  xdc_runtime_Text_nameUnknown__C                                 
01006848  xdc_runtime_Text_charCnt__C                                     
0100684a  xdc_runtime_Text_isLoaded__C                                    
0100684c  xdc_runtime_Error_policy__C                                     
0100684d  xdc_runtime_Text_charTab__A                                     
01006850  __TI_static_base__                                              
01006aa8  __TI_Handler_Table_Base                                         
01006ab4  __TI_Handler_Table_Limit                                        
01006ac0  __TI_CINIT_Base                                                 
01006ad0  __TI_CINIT_Limit                                                
20000000  ti_sysbios_family_arm_m3_Hwi_ramVectors                         
20000310  __primary_heap_start__                                          
20008310  __primary_heap_end__                                            
20008310  ti_sysbios_family_arm_m3_Hwi_dispatchTable                      
20008620  ti_sysbios_knl_Task_Instance_State_0_stack__A                   
20008820  PowerCC32XX_contextSave                                         
2000894c  uartCC3220SObjects                                              
20008a54  uartCC3220SRingBuffer                                           
20008ac8  ClockP_tickPeriod                                               
20008acc  ti_sysbios_knl_Task_Instance_State_0_hookEnv__A                 
20008ad0  PowerCC32XX_module                                              
20008c3c  parkInfo                                                        
20008dbc  ti_sysbios_knl_Swi_Module_State_0_readyQ__A                     
20008e3c  ti_sysbios_knl_Task_Module_State_0_readyQ__A                    
20008ebc  ti_sysbios_knl_Task_Object__table__V                            
20008f18  ti_sysbios_gates_GateMutex_Object__table__V                     
20008f6c  ti_sysbios_knl_Task_Module__state__V                            
20008fb4  ti_sysbios_family_arm_m3_Hwi_Module__state__V                   
20008fe8  ti_sysbios_family_arm_m3_Timer_Object__table__V                 
20009018  ti_sysbios_knl_Swi_Object__table__V                             
20009048  ti_sysbios_knl_Clock_Module__state__V                           
20009074  gpioPinConfigs                                                  
20009098  ti_sysbios_BIOS_Module__state__V                                
200090bc  xdc_runtime_Error_IgnoreBlock                                   
200090dc  ti_sysbios_knl_Swi_Module__state__V                             
200090f8  ti_sysbios_family_arm_m3_Hwi_Object__table__V                   
20009110  ti_sysbios_heaps_HeapMem_Object__table__V                       
20009128  gpioCallbackFunctions                                           
20009138  BTM                                                             
20009144  ti_sysbios_family_arm_m3_Timer_Module__state__V                 
2000915a  ti_sysbios_family_arm_m3_Hwi_Module_State_0_excActive__A        
2000915c  _lock                                                           
20009160  _unlock                                                         
20009164  ti_sysbios_family_arm_m3_Hwi_Module__root__V                    
2000916c  ti_sysbios_gates_GateHwi_Module__root__V                        
20009174  ti_sysbios_gates_GateMutex_Module__root__V                      
2000917c  ti_sysbios_heaps_HeapMem_Module__root__V                        
20009184  ti_sysbios_knl_Clock_Module__root__V                            
2000918c  ti_sysbios_knl_Queue_Module__root__V                            
20009194  ti_sysbios_knl_Semaphore_Module__root__V                        
2000919c  ti_sysbios_knl_Task_Module__root__V                             
200091a4  xdc_runtime_Startup_Module__state__V                            
200091ac  xdc_runtime_System_Module_State_0_atexitHandlers__A             
200091b4  xdc_runtime_System_Module__state__V                             
200091bc  main_func_sp                                                    
200091c0  ti_sysbios_family_arm_m3_Hwi_Module_State_0_excContext__A       
200091c4  ti_sysbios_family_arm_m3_Hwi_Module_State_0_excStack__A         
200091c8  ti_sysbios_gates_GateHwi_Object__table__V                       
200091cc  ti_sysbios_knl_Task_Module_State_0_idleTask__A                  
200091d0  ti_sysbios_rts_ti_ReentSupport_Module__state__V                 
200091d4  xdc_runtime_Memory_Module__state__V                             
2003fc00  __stack                                                         
20040000  __STACK_END                                                     
e000e000  ti_sysbios_family_arm_m3_Hwi_nvic                               
ffffffff  __TI_pprof_out_hndl                                             
ffffffff  __TI_prof_data_size                                             
ffffffff  __TI_prof_data_start                                            
ffffffff  __binit__                                                       
ffffffff  __c_args__                                                      
ffffffff  binit                                                           
UNDEFED   SHT$$INIT_ARRAY$$Base                                           
UNDEFED   SHT$$INIT_ARRAY$$Limit                                          

[544 symbols]
